plotting:  nfields_00155
1
ax
Graph width: 0.949 inches
Graph height: 0.949 inches
[1.725 1.725]
plotting:  nfields_00179
1
ax
Graph width: 1.147 inches
Graph height: 1.147 inches
[1.55  1.725]
plotting:  nvel_00155
2
ax
Graph width: 0.949 inches
Graph height: 0.949 inches
[1.725 1.725]
plotting:  nvel_00179
2
ax
Graph width: 1.147 inches
Graph height: 1.147 inches
[1.55  1.725]
plotting:  nfields_00007
1
ax
Graph width: 0.949 inches
Graph height: 0.949 inches
[1.725 1.725]
plotting:  nfields_00053
1
ax
Graph width: 1.147 inches
Graph height: 1.147 inches
[1.55  1.725]
plotting:  nvel_00007
2
ax
Graph width: 0.949 inches
Graph height: 0.949 inches
[1.725 1.725]
plotting:  nvel_00053
2
ax
Graph width: 1.147 inches
Graph height: 1.147 inches
[1.55  1.725]
3690 1870
