plotting:  nfields_00023
1
ax
Graph width: 0.949 inches
Graph height: 0.949 inches
[1.725 1.725]
plotting:  nfields_00050
1
ax
Graph width: 1.085 inches
Graph height: 1.085 inches
[1.4   1.725]
plotting:  nvel_00023
2
ax
Graph width: 0.949 inches
Graph height: 0.949 inches
[1.725 1.725]
plotting:  nvel_00050
2
ax
Graph width: 1.085 inches
Graph height: 1.085 inches
[1.4   1.725]
plotting:  nfields_00007
1
ax
Graph width: 0.949 inches
Graph height: 0.949 inches
[1.725 1.725]
plotting:  nfields_00048
1
ax
Graph width: 1.085 inches
Graph height: 1.085 inches
[1.4   1.725]
plotting:  nvel_00007
2
ax
Graph width: 0.949 inches
Graph height: 0.949 inches
[1.725 1.725]
plotting:  nvel_00048
2
ax
Graph width: 1.085 inches
Graph height: 1.085 inches
[1.4   1.725]
3510 1870
