plotting:  nfields_00016
1
ax
Graph width: 0.949 inches
Graph height: 0.949 inches
[1.725 1.725]
plotting:  nfields_00048
1
ax
Graph width: 0.949 inches
Graph height: 0.949 inches
[1.725 1.725]
plotting:  nvel_00016
2
ax
Graph width: 0.949 inches
Graph height: 0.949 inches
[1.725 1.725]
plotting:  nvel_00048
2
ax
Graph width: 0.949 inches
Graph height: 0.949 inches
[1.725 1.725]
plotting:  nfields_00012
1
ax
Graph width: 0.949 inches
Graph height: 0.949 inches
[1.725 1.725]
plotting:  nfields_00051
1
ax
Graph width: 0.949 inches
Graph height: 0.949 inches
[1.725 1.725]
plotting:  nvel_00012
2
ax
Graph width: 0.949 inches
Graph height: 0.949 inches
[1.725 1.725]
plotting:  nvel_00051
2
ax
Graph width: 0.949 inches
Graph height: 0.949 inches
[1.725 1.725]
3900 1870
